lcd16x2.c:62:17:DWT_Delay_Init	4	static,ignoring_inline_asm
lcd16x2.c:88:22:DWT_Delay_us	24	static
lcd16x2.c:98:13:lcd16x2_enablePulse	8	static
lcd16x2.c:109:13:lcd16x2_rs	16	static
lcd16x2.c:117:13:lcd16x2_write	24	static
lcd16x2.c:154:13:lcd16x2_writeCommand	16	static
lcd16x2.c:163:13:lcd16x2_writeData	16	static
lcd16x2.c:172:13:lcd16x2_write4	16	static
lcd16x2.c:193:6:lcd16x2_init_8bits	24	static
lcd16x2.c:240:6:lcd16x2_init_4bits	24	static
lcd16x2.c:283:6:lcd16x2_setCursor	24	static
lcd16x2.c:301:6:lcd16x2_1stLine	8	static
lcd16x2.c:308:6:lcd16x2_2ndLine	8	static
lcd16x2.c:316:6:lcd16x2_twoLines	8	static
lcd16x2.c:321:6:lcd16x2_oneLine	8	static
lcd16x2.c:330:6:lcd16x2_cursorShow	16	static
lcd16x2.c:347:6:lcd16x2_clear	8	static
lcd16x2.c:356:6:lcd16x2_display	16	static
lcd16x2.c:373:6:lcd16x2_shiftRight	24	static
lcd16x2.c:384:6:lcd16x2_shiftLeft	24	static
lcd16x2.c:395:6:lcd16x2_printf	48	static
