main.c:186:5:main	64	static
main.c:1268:8:run_repeat_command_manual	8	static
main.c:1394:8:run_repeat_command_learning	8	static
main.c:1553:8:show_cursor	16	static
main.c:1866:8:set_speed	16	static
main.c:1876:8:set_time_wait	16	static
main.c:1892:8:set_counter	24	static
main.c:1909:8:set_counter32	32	static
main.c:1930:12:int_hex	40	static
main.c:1943:8:send_write_register	32	static
main.c:1962:8:send_write_two_register	40	static
main.c:1999:8:send_write_coil	32	static
main.c:2018:8:send_read_one_coil_show	40	static
main.c:2050:8:send_read_one_coil	40	static
main.c:2085:8:send_read_one_register	32	static
main.c:2120:8:send_read_two_register	40	static
main.c:2160:8:set_char	16	static
main.c:2287:8:set_char_for_sensor	16	static
main.c:2347:8:set_char_for_sensor_andor	16	static
main.c:2402:8:set_lcd	16	static
main.c:2437:8:get_key	8	static
main.c:2544:8:get_key_for_sensor_number	8	static
main.c:2606:8:get_key_for_sensor_andor	8	static
main.c:2662:12:crc16	24	static
main.c:2687:6:SystemClock_Config	72	static
main.c:2726:13:MX_USART3_UART_Init	8	static
main.c:2757:13:MX_DMA_Init	16	static
main.c:2778:13:MX_GPIO_Init	40	static
main.c:2834:6:Error_Handler	4	static
